// Jest Snapshot v1, https://goo.gl/fbAQLP

exports[`App Shell renders correctly with content 1`] = `
<div
  className="app"
  style={
    Object {
      "flexGrow": 1,
    }
  }
>
  <header
    className="MuiPaper-root-9 MuiPaper-elevation4-15 MuiAppBar-root-1 MuiAppBar-positionStatic-5 MuiAppBar-colorPrimary-7"
  >
    <div
      className="MuiToolbar-root-36 MuiToolbar-regular-38 MuiToolbar-gutters-37"
    >
      <button
        aria-label="Menu"
        className="MuiButtonBase-root-46 MuiIconButton-root-40 MuiIconButton-colorInherit-41"
        disabled={false}
        onBlur={[Function]}
        onFocus={[Function]}
        onKeyDown={[Function]}
        onKeyUp={[Function]}
        onMouseDown={[Function]}
        onMouseLeave={[Function]}
        onMouseUp={[Function]}
        onTouchEnd={[Function]}
        onTouchMove={[Function]}
        onTouchStart={[Function]}
        style={
          Object {
            "marginLeft": -12,
            "marginRight": 20,
          }
        }
        tabIndex="0"
        type="button"
      >
        <span
          className="MuiIconButton-label-45"
        >
          <svg
            aria-hidden="true"
            className="MuiSvgIcon-root-49"
            color={undefined}
            focusable="false"
            viewBox="0 0 24 24"
          >
            <path
              d="M0 0h24v24H0z"
              fill="none"
            />
            <path
              d="M3 18h18v-2H3v2zm0-5h18v-2H3v2zm0-7v2h18V6H3z"
            />
          </svg>
        </span>
        <span
          className="MuiTouchRipple-root-56"
        />
      </button>
      <h2
        className="MuiTypography-root-63 MuiTypography-title-69 MuiTypography-colorInherit-82"
        style={
          Object {
            "flexGrow": 1,
          }
        }
      >
        <span>
          Welcome
        </span>
      </h2>
      <button
        className="MuiButtonBase-root-46 MuiButton-root-88 MuiButton-text-90 MuiButton-flat-93 MuiButton-colorInherit-109"
        disabled={false}
        onBlur={[Function]}
        onFocus={[Function]}
        onKeyDown={[Function]}
        onKeyUp={[Function]}
        onMouseDown={[Function]}
        onMouseLeave={[Function]}
        onMouseUp={[Function]}
        onTouchEnd={[Function]}
        onTouchMove={[Function]}
        onTouchStart={[Function]}
        tabIndex="0"
        type="button"
      >
        <span
          className="MuiButton-label-89"
        >
          Login
        </span>
        <span
          className="MuiTouchRipple-root-56"
        />
      </button>
    </div>
  </header>
  <div
    className="Toastify"
  />
  <main
    className="app__main-content"
    data-test-main-content={true}
    id="main-content"
  />
</div>
`;
